#!/usr/bin/env python

# This is an automatically generated script to run your query
# to use it you will require the intermine python client.
# To install the client, run the following command from a terminal:
#
#     easyinstall intermine-webservice
#
# For further documentation you can visit:
#     http://www.intermine.org/PythonClient

# The following two lines will be needed in every python script:
from intermine.webservice import Service
service = Service("TEST_SERVICE_ROOT/service")

# For all genes, list the taxonIds available.  Used by webservice to construct
# links to other intermines.

template = service.get_template('im_available_organisms')

# You can edit the constraint values below
# A    Gene.primaryIdentifier

results = template.results( "tsv",
    A = {"op": "=", "value": "zen"}
)
for row in results:
    print row,
