package testprojecttitle;

import java.io.IOException;
import java.util.ArrayList;
import java.util.Iterator;
import java.util.List;

import org.intermine.webservice.client.core.ServiceFactory;
import org.intermine.webservice.client.services.TemplateService;
import org.intermine.webservice.client.template.TemplateParameter;

/**
 * This is a Java program to run a query from TEST_PROJECT_TITLE.
 * It was automatically generated at __SOME-DATE__
 *
 * For all genes, list the taxonIds available.  Used by webservice to construct links to other intermines.

 * @author TEST_PROJECT_TITLE
 *
 */
public class TemplateQueryImAvailableOrganisms
{
    private static final String ROOT = "TEST_SERVICE_ROOT/service";

    /**
     * Perform the query and print the rows of results.
     * @param args command line arguments
     * @throws IOException
     */
    public static void main(String[] args) throws IOException {
        ServiceFactory factory = new ServiceFactory(ROOT);
        // Edit the template parameter values to get different results
        List<TemplateParameter> parameters = new ArrayList<TemplateParameter>();
        parameters.add(new TemplateParameter("Gene.primaryIdentifier", "=", "zen", null, "A"));

        // Name of template
        String name = "im_available_organisms";
        // Template Service - use this object to fetch results.
        TemplateService service = factory.getTemplateService();
        // Format to present data in fixed width columns
        String format = "%-97.97s";

        System.out.printf(format, "Gene.organism.shortName");
        Iterator<List<Object>> rows = service.getRowListIterator(name, parameters);
        while (rows.hasNext()) {
            System.out.printf(format, rows.next().toArray());
        }
        System.out.printf("%d rows\n", service.getCount(name, parameters));
    }

}