package testprojecttitle;

import java.io.IOException;
import java.io.PrintStream;
import java.util.Arrays;
import java.util.Iterator;
import java.util.List;

import org.intermine.metadata.Model;
import org.intermine.pathquery.Constraints;
import org.intermine.pathquery.PathQuery;
import org.intermine.webservice.client.core.ServiceFactory;
import org.intermine.webservice.client.services.QueryService;

/**
 * This is a Java program to run a query from TEST_PROJECT_TITLE.
 * It was automatically generated at __SOME-DATE__
 *
 * @author TEST_PROJECT_TITLE
 *
 */
public class QueryClient
{
    private static final String ROOT = "TEST_SERVICE_ROOT/service";

    /**
     * Perform the query and print the rows of results.
     * @param args command line arguments
     * @throws IOException
     */
    public static void main(String[] args) throws IOException {
        ServiceFactory factory = new ServiceFactory(ROOT);
        Model model = factory.getModel();
        PathQuery query = new PathQuery(model);

        // Select the output columns:
        query.addViews("Employee.name",
                "Employee.department.name");

        // Filter the results with the following constraints:
        query.addConstraint(Constraints.notEqualToLoop("Employee.department.manager", "Employee.department.company.CEO"), "A");
        query.addConstraint(Constraints.lookup("Employee", "M*", null), "B");
        query.addConstraint(Constraints.oneOfValues("Employee.department.name", Arrays.asList("Sales", "Warehouse"));, "C");
        // Specify how these constraints should be combined.
        query.setConstraintLogic("(A or C) and B");

        QueryService service = factory.getQueryService();
        PrintStream out = System.out;
        String format = "%-47.47s | %-47.47s\n";
        out.printf(format, query.getView().toArray());
        Iterator<List<Object>> rows = service.getRowListIterator(query);
        while (rows.hasNext()) {
            out.printf(format, rows.next().toArray());
        }
        out.printf("%d rows\n", service.getCount(query));
    }

}
