#!/usr/bin/perl

######################################################################
# This is an automatically generated script to run your query.
# To use it you will require the InterMine Perl client libraries.
# These can be installed from CPAN, using your preferred client, eg:
#
#    sudo cpan Webservice::InterMine
#
# For help using these modules, please see these resources:
#
#  * http://search.cpan.org/perldoc?Webservice::InterMine
#       - API reference
#  * http://search.cpan.org/perldoc?Webservice::InterMine::Cookbook
#       - A How-To manual
#  * http://www.intermine.org/wiki/PerlWebServiceAPI
#       - General Usage
#  * http://www.intermine.org/wiki/WebService
#       - Reference documentation for the underlying REST API
#
######################################################################

use strict;
use warnings;

# Set the output field separator as tab
$, = "\t";
# Print unicode to standard out
binmode(STDOUT, 'utf8');
# Silence warnings when printing null fields
no warnings ('uninitialized');

# The following import statement sets TEST_PROJECT_TITLE as your default
use Webservice::InterMine TEST_WS_VERSION 'TEST_SERVICE_ROOT/service';

my $query = Webservice::InterMine->new_query;

# The view specifies the output columns
$query->add_view(qw/
    primaryIdentifier
    secondaryIdentifier
    symbol
    name
    organism.shortName
/);

# edit the line below to change the sort order:
# $query->add_sort_order('Gene.primaryIdentifier', 'ASC');


# Use an iterator to avoid having all rows in memory at once.
my $it = $query->iterator();
while (my $row = <$it>) {
    print $row->{'primaryIdentifier'}, $row->{'secondaryIdentifier'}, $row->{'symbol'},
        $row->{'name'}, $row->{'organism.shortName'}, "\n";
}
